[  608576ms] [ERROR] WebSocket connection to 'ws://localhost:8080/_nicegui_ws/socket.io/?client_id=e399b17c-2602-4fa5-a623-a58765729b77&next_message_id=0&implicit_handshake=true&document_id=da2a9425-2112-42e9-8a68-424dc4185243&tab_id=793e04b8-9329-4de3-9598-eef0458b25ce&old_tab_id=null&EIO=4&transport=websocket' failed: Error in connection establishment: net::ERR_CONNECTION_REFUSED @ http://localhost:8080/_nicegui/3.10.0/static/socket.io.min.js:5
[  616676ms] [ERROR] WebSocket connection to 'ws://localhost:8080/_nicegui_ws/socket.io/?client_id=e399b17c-2602-4fa5-a623-a58765729b77&next_message_id=0&implicit_handshake=true&document_id=da2a9425-2112-42e9-8a68-424dc4185243&tab_id=793e04b8-9329-4de3-9598-eef0458b25ce&old_tab_id=null&EIO=4&transport=websocket' failed: Error in connection establishment: net::ERR_CONNECTION_REFUSED @ http://localhost:8080/_nicegui/3.10.0/static/socket.io.min.js:5
[  622934ms] [ERROR] WebSocket connection to 'ws://localhost:8080/_nicegui_ws/socket.io/?client_id=e399b17c-2602-4fa5-a623-a58765729b77&next_message_id=0&implicit_handshake=true&document_id=da2a9425-2112-42e9-8a68-424dc4185243&tab_id=793e04b8-9329-4de3-9598-eef0458b25ce&old_tab_id=null&EIO=4&transport=websocket' failed: Error in connection establishment: net::ERR_CONNECTION_REFUSED @ http://localhost:8080/_nicegui/3.10.0/static/socket.io.min.js:5
[  631958ms] [ERROR] WebSocket connection to 'ws://localhost:8080/_nicegui_ws/socket.io/?client_id=e399b17c-2602-4fa5-a623-a58765729b77&next_message_id=0&implicit_handshake=true&document_id=da2a9425-2112-42e9-8a68-424dc4185243&tab_id=793e04b8-9329-4de3-9598-eef0458b25ce&old_tab_id=null&EIO=4&transport=websocket' failed: Error in connection establishment: net::ERR_CONNECTION_REFUSED @ http://localhost:8080/_nicegui/3.10.0/static/socket.io.min.js:5
[  638083ms] [ERROR] WebSocket connection to 'ws://localhost:8080/_nicegui_ws/socket.io/?client_id=e399b17c-2602-4fa5-a623-a58765729b77&next_message_id=0&implicit_handshake=true&document_id=da2a9425-2112-42e9-8a68-424dc4185243&tab_id=793e04b8-9329-4de3-9598-eef0458b25ce&old_tab_id=null&EIO=4&transport=websocket' failed: Error in connection establishment: net::ERR_CONNECTION_REFUSED @ http://localhost:8080/_nicegui/3.10.0/static/socket.io.min.js:5
[  644819ms] [ERROR] WebSocket connection to 'ws://localhost:8080/_nicegui_ws/socket.io/?client_id=e399b17c-2602-4fa5-a623-a58765729b77&next_message_id=0&implicit_handshake=true&document_id=da2a9425-2112-42e9-8a68-424dc4185243&tab_id=793e04b8-9329-4de3-9598-eef0458b25ce&old_tab_id=null&EIO=4&transport=websocket' failed: Error during WebSocket handshake: net::ERR_CONNECTION_RESET @ http://localhost:8080/_nicegui/3.10.0/static/socket.io.min.js:5
[  654366ms] [ERROR] WebSocket connection to 'ws://localhost:8080/_nicegui_ws/socket.io/?client_id=e399b17c-2602-4fa5-a623-a58765729b77&next_message_id=0&implicit_handshake=true&document_id=da2a9425-2112-42e9-8a68-424dc4185243&tab_id=793e04b8-9329-4de3-9598-eef0458b25ce&old_tab_id=null&EIO=4&transport=websocket' failed: Error in connection establishment: net::ERR_CONNECTION_REFUSED @ http://localhost:8080/_nicegui/3.10.0/static/socket.io.min.js:5
[  663907ms] [ERROR] WebSocket connection to 'ws://localhost:8080/_nicegui_ws/socket.io/?client_id=e399b17c-2602-4fa5-a623-a58765729b77&next_message_id=0&implicit_handshake=true&document_id=da2a9425-2112-42e9-8a68-424dc4185243&tab_id=793e04b8-9329-4de3-9598-eef0458b25ce&old_tab_id=null&EIO=4&transport=websocket' failed: Error in connection establishment: net::ERR_CONNECTION_REFUSED @ http://localhost:8080/_nicegui/3.10.0/static/socket.io.min.js:5
[  670626ms] [ERROR] WebSocket connection to 'ws://localhost:8080/_nicegui_ws/socket.io/?client_id=e399b17c-2602-4fa5-a623-a58765729b77&next_message_id=0&implicit_handshake=true&document_id=da2a9425-2112-42e9-8a68-424dc4185243&tab_id=793e04b8-9329-4de3-9598-eef0458b25ce&old_tab_id=null&EIO=4&transport=websocket' failed: Error in connection establishment: net::ERR_CONNECTION_REFUSED @ http://localhost:8080/_nicegui/3.10.0/static/socket.io.min.js:5
[  678933ms] [ERROR] WebSocket connection to 'ws://localhost:8080/_nicegui_ws/socket.io/?client_id=e399b17c-2602-4fa5-a623-a58765729b77&next_message_id=0&implicit_handshake=true&document_id=da2a9425-2112-42e9-8a68-424dc4185243&tab_id=793e04b8-9329-4de3-9598-eef0458b25ce&old_tab_id=null&EIO=4&transport=websocket' failed: Error in connection establishment: net::ERR_CONNECTION_REFUSED @ http://localhost:8080/_nicegui/3.10.0/static/socket.io.min.js:5
[  688160ms] [ERROR] WebSocket connection to 'ws://localhost:8080/_nicegui_ws/socket.io/?client_id=e399b17c-2602-4fa5-a623-a58765729b77&next_message_id=0&implicit_handshake=true&document_id=da2a9425-2112-42e9-8a68-424dc4185243&tab_id=793e04b8-9329-4de3-9598-eef0458b25ce&old_tab_id=null&EIO=4&transport=websocket' failed: Error in connection establishment: net::ERR_CONNECTION_REFUSED @ http://localhost:8080/_nicegui/3.10.0/static/socket.io.min.js:5
[  697466ms] [ERROR] WebSocket connection to 'ws://localhost:8080/_nicegui_ws/socket.io/?client_id=e399b17c-2602-4fa5-a623-a58765729b77&next_message_id=0&implicit_handshake=true&document_id=da2a9425-2112-42e9-8a68-424dc4185243&tab_id=793e04b8-9329-4de3-9598-eef0458b25ce&old_tab_id=null&EIO=4&transport=websocket' failed: Error in connection establishment: net::ERR_CONNECTION_REFUSED @ http://localhost:8080/_nicegui/3.10.0/static/socket.io.min.js:5
[  703928ms] [ERROR] WebSocket connection to 'ws://localhost:8080/_nicegui_ws/socket.io/?client_id=e399b17c-2602-4fa5-a623-a58765729b77&next_message_id=0&implicit_handshake=true&document_id=da2a9425-2112-42e9-8a68-424dc4185243&tab_id=793e04b8-9329-4de3-9598-eef0458b25ce&old_tab_id=null&EIO=4&transport=websocket' failed: Error in connection establishment: net::ERR_CONNECTION_REFUSED @ http://localhost:8080/_nicegui/3.10.0/static/socket.io.min.js:5
[  710003ms] [ERROR] WebSocket connection to 'ws://localhost:8080/_nicegui_ws/socket.io/?client_id=e399b17c-2602-4fa5-a623-a58765729b77&next_message_id=0&implicit_handshake=true&document_id=da2a9425-2112-42e9-8a68-424dc4185243&tab_id=793e04b8-9329-4de3-9598-eef0458b25ce&old_tab_id=null&EIO=4&transport=websocket' failed: Error during WebSocket handshake: net::ERR_CONNECTION_RESET @ http://localhost:8080/_nicegui/3.10.0/static/socket.io.min.js:5
[  719149ms] [LOG] reloading because implicit handshake failed for clientId e399b17c-2602-4fa5-a623-a58765729b77 @ http://localhost:8080/_nicegui/3.10.0/static/nicegui.js:463
[  719575ms] [VERBOSE] [DOM] Password field is not contained in a form: (More info: https://goo.gl/9p2vKq) %o @ http://localhost:8080/login:0
[  729865ms] [ERROR] WebSocket connection to 'ws://localhost:8080/_nicegui_ws/socket.io/?client_id=a5605ce6-2cef-43c8-b020-de4c76c0a90b&next_message_id=0&implicit_handshake=true&document_id=cf1c7091-b21c-4c2b-927e-0f1a9fd7688b&tab_id=793e04b8-9329-4de3-9598-eef0458b25ce&old_tab_id=null&EIO=4&transport=websocket' failed: Error during WebSocket handshake: net::ERR_CONNECTION_RESET @ http://localhost:8080/_nicegui/3.10.0/static/socket.io.min.js:5
[  732213ms] [ERROR] WebSocket connection to 'ws://localhost:8080/_nicegui_ws/socket.io/?client_id=a5605ce6-2cef-43c8-b020-de4c76c0a90b&next_message_id=0&implicit_handshake=true&document_id=cf1c7091-b21c-4c2b-927e-0f1a9fd7688b&tab_id=793e04b8-9329-4de3-9598-eef0458b25ce&old_tab_id=null&EIO=4&transport=websocket' failed: Error during WebSocket handshake: net::ERR_CONNECTION_RESET @ http://localhost:8080/_nicegui/3.10.0/static/socket.io.min.js:5
[  734917ms] [LOG] reloading because implicit handshake failed for clientId a5605ce6-2cef-43c8-b020-de4c76c0a90b @ http://localhost:8080/_nicegui/3.10.0/static/nicegui.js:463
[  735063ms] [VERBOSE] [DOM] Password field is not contained in a form: (More info: https://goo.gl/9p2vKq) %o @ http://localhost:8080/login:0
[  814997ms] [VERBOSE] [DOM] Password field is not contained in a form: (More info: https://goo.gl/9p2vKq) %o @ http://localhost:8080/login:0
[  901117ms] [VERBOSE] [DOM] Password field is not contained in a form: (More info: https://goo.gl/9p2vKq) %o @ http://localhost:8080/login:0
[  922817ms] [VERBOSE] [DOM] Password field is not contained in a form: (More info: https://goo.gl/9p2vKq) %o @ http://localhost:8080/login:0
[  942576ms] [VERBOSE] [DOM] Password field is not contained in a form: (More info: https://goo.gl/9p2vKq) %o @ http://localhost:8080/login:0
[  954276ms] [VERBOSE] [DOM] Password field is not contained in a form: (More info: https://goo.gl/9p2vKq) %o @ http://localhost:8080/login:0
[  993181ms] [VERBOSE] [DOM] Password field is not contained in a form: (More info: https://goo.gl/9p2vKq) %o @ http://localhost:8080/login:0
[ 1012816ms] [VERBOSE] [DOM] Password field is not contained in a form: (More info: https://goo.gl/9p2vKq) %o @ http://localhost:8080/login:0
[ 1024929ms] [VERBOSE] [DOM] Password field is not contained in a form: (More info: https://goo.gl/9p2vKq) %o @ http://localhost:8080/login:0
[ 1037889ms] [VERBOSE] [DOM] Password field is not contained in a form: (More info: https://goo.gl/9p2vKq) %o @ http://localhost:8080/login:0
[ 1148382ms] [LOG] reloading because implicit handshake failed for clientId 483becb5-6ca7-4e73-8ada-515428a1e884 @ http://localhost:8080/_nicegui/3.10.0/static/nicegui.js:463
[ 1148588ms] [VERBOSE] [DOM] Password field is not contained in a form: (More info: https://goo.gl/9p2vKq) %o @ http://localhost:8080/login:0
[ 1157597ms] [VERBOSE] [DOM] Password field is not contained in a form: (More info: https://goo.gl/9p2vKq) %o @ http://localhost:8080/login:0
[ 1227221ms] [VERBOSE] [DOM] Password field is not contained in a form: (More info: https://goo.gl/9p2vKq) %o @ http://localhost:8080/login:0
[ 1239622ms] [VERBOSE] [DOM] Password field is not contained in a form: (More info: https://goo.gl/9p2vKq) %o @ http://localhost:8080/login:0
[ 1250880ms] [VERBOSE] [DOM] Password field is not contained in a form: (More info: https://goo.gl/9p2vKq) %o @ http://localhost:8080/login:0
[ 1258728ms] [VERBOSE] [DOM] Password field is not contained in a form: (More info: https://goo.gl/9p2vKq) %o @ http://localhost:8080/login:0
[ 1280341ms] [VERBOSE] [DOM] Password field is not contained in a form: (More info: https://goo.gl/9p2vKq) %o @ http://localhost:8080/login:0
[ 1341336ms] [VERBOSE] [DOM] Password field is not contained in a form: (More info: https://goo.gl/9p2vKq) %o @ http://localhost:8080/login:0
[ 1349581ms] [VERBOSE] [DOM] Password field is not contained in a form: (More info: https://goo.gl/9p2vKq) %o @ http://localhost:8080/login:0
[ 1372009ms] [VERBOSE] [DOM] Password field is not contained in a form: (More info: https://goo.gl/9p2vKq) %o @ http://localhost:8080/login:0
[ 1380381ms] [VERBOSE] [DOM] Password field is not contained in a form: (More info: https://goo.gl/9p2vKq) %o @ http://localhost:8080/login:0
[ 1431792ms] [VERBOSE] [DOM] Password field is not contained in a form: (More info: https://goo.gl/9p2vKq) %o @ http://localhost:8080/login:0
[ 1451500ms] [VERBOSE] [DOM] Password field is not contained in a form: (More info: https://goo.gl/9p2vKq) %o @ http://localhost:8080/login:0
[ 1472963ms] [VERBOSE] [DOM] Password field is not contained in a form: (More info: https://goo.gl/9p2vKq) %o @ http://localhost:8080/login:0
