[     281ms] [VERBOSE] [DOM] Password field is not contained in a form: (More info: https://goo.gl/9p2vKq) %o @ http://localhost:8080/login:0
[   58539ms] [ERROR] Loading the stylesheet 'https://unpkg.com/leaflet@1.9.4/dist/leaflet.css' violates the following Content Security Policy directive: "style-src 'self' 'unsafe-inline'". Note that 'style-src-elem' was not explicitly set, so 'style-src' is used as a fallback. The action has been blocked. @ http://localhost:8080/map:115
[   58539ms] [ERROR] Loading the stylesheet 'https://unpkg.com/leaflet.markercluster@1.5.3/dist/MarkerCluster.css' violates the following Content Security Policy directive: "style-src 'self' 'unsafe-inline'". Note that 'style-src-elem' was not explicitly set, so 'style-src' is used as a fallback. The action has been blocked. @ http://localhost:8080/map:116
[   58539ms] [ERROR] Loading the stylesheet 'https://unpkg.com/leaflet.markercluster@1.5.3/dist/MarkerCluster.Default.css' violates the following Content Security Policy directive: "style-src 'self' 'unsafe-inline'". Note that 'style-src-elem' was not explicitly set, so 'style-src' is used as a fallback. The action has been blocked. @ http://localhost:8080/map:117
[   58539ms] [ERROR] Loading the script 'https://unpkg.com/leaflet@1.9.4/dist/leaflet.js' violates the following Content Security Policy directive: "script-src 'self' 'unsafe-inline' 'unsafe-eval' cdnjs.cloudflare.com". Note that 'script-src-elem' was not explicitly set, so 'script-src' is used as a fallback. The action has been blocked. @ http://localhost:8080/map:0
[   58539ms] [ERROR] Loading the script 'https://unpkg.com/leaflet.markercluster@1.5.3/dist/leaflet.markercluster.js' violates the following Content Security Policy directive: "script-src 'self' 'unsafe-inline' 'unsafe-eval' cdnjs.cloudflare.com". Note that 'script-src-elem' was not explicitly set, so 'script-src' is used as a fallback. The action has been blocked. @ http://localhost:8080/map:0
[  120033ms] [ERROR] Loading the stylesheet 'https://unpkg.com/leaflet@1.9.4/dist/leaflet.css' violates the following Content Security Policy directive: "style-src 'self' 'unsafe-inline'". Note that 'style-src-elem' was not explicitly set, so 'style-src' is used as a fallback. The action has been blocked. @ http://localhost:8080/map:115
[  120033ms] [ERROR] Loading the stylesheet 'https://unpkg.com/leaflet.markercluster@1.5.3/dist/MarkerCluster.css' violates the following Content Security Policy directive: "style-src 'self' 'unsafe-inline'". Note that 'style-src-elem' was not explicitly set, so 'style-src' is used as a fallback. The action has been blocked. @ http://localhost:8080/map:116
[  120033ms] [ERROR] Loading the stylesheet 'https://unpkg.com/leaflet.markercluster@1.5.3/dist/MarkerCluster.Default.css' violates the following Content Security Policy directive: "style-src 'self' 'unsafe-inline'". Note that 'style-src-elem' was not explicitly set, so 'style-src' is used as a fallback. The action has been blocked. @ http://localhost:8080/map:117
[  120033ms] [ERROR] Loading the script 'https://unpkg.com/leaflet@1.9.4/dist/leaflet.js' violates the following Content Security Policy directive: "script-src 'self' 'unsafe-inline' 'unsafe-eval' cdnjs.cloudflare.com". Note that 'script-src-elem' was not explicitly set, so 'script-src' is used as a fallback. The action has been blocked. @ http://localhost:8080/map:0
[  120033ms] [ERROR] Loading the script 'https://unpkg.com/leaflet.markercluster@1.5.3/dist/leaflet.markercluster.js' violates the following Content Security Policy directive: "script-src 'self' 'unsafe-inline' 'unsafe-eval' cdnjs.cloudflare.com". Note that 'script-src-elem' was not explicitly set, so 'script-src' is used as a fallback. The action has been blocked. @ http://localhost:8080/map:0
[  368588ms] [ERROR] WebSocket connection to 'ws://localhost:8080/_nicegui_ws/socket.io/?client_id=4c621b05-cdce-40b8-9c74-a434e58e4442&next_message_id=0&implicit_handshake=true&document_id=029bad5f-33d5-4932-81b6-adbd4072306c&tab_id=809ae8c3-23d8-43bb-9950-72195cd353dd&old_tab_id=null&EIO=4&transport=websocket' failed: Connection closed before receiving a handshake response @ http://localhost:8080/_nicegui/3.10.0/static/socket.io.min.js:5
[  370739ms] [LOG] reloading because implicit handshake failed for clientId 4c621b05-cdce-40b8-9c74-a434e58e4442 @ http://localhost:8080/_nicegui/3.10.0/static/nicegui.js:463
[  370991ms] [VERBOSE] [DOM] Password field is not contained in a form: (More info: https://goo.gl/9p2vKq) %o @ http://localhost:8080/login:0
[  394898ms] [VERBOSE] [DOM] Password field is not contained in a form: (More info: https://goo.gl/9p2vKq) %o @ http://localhost:8080/login:0
[  412815ms] [VERBOSE] [DOM] Password field is not contained in a form: (More info: https://goo.gl/9p2vKq) %o @ http://localhost:8080/login:0
[  517931ms] [ERROR] WebSocket connection to 'ws://localhost:8080/_nicegui_ws/socket.io/?client_id=a2f23e40-453d-4da3-be78-2173cda9d3a4&next_message_id=0&implicit_handshake=true&document_id=3afa548f-5872-473c-8e35-c1b7320dc568&tab_id=809ae8c3-23d8-43bb-9950-72195cd353dd&old_tab_id=null&EIO=4&transport=websocket' failed: Connection closed before receiving a handshake response @ http://localhost:8080/_nicegui/3.10.0/static/socket.io.min.js:5
[  520854ms] [LOG] reloading because implicit handshake failed for clientId a2f23e40-453d-4da3-be78-2173cda9d3a4 @ http://localhost:8080/_nicegui/3.10.0/static/nicegui.js:463
[  521108ms] [VERBOSE] [DOM] Password field is not contained in a form: (More info: https://goo.gl/9p2vKq) %o @ http://localhost:8080/login:0
[  559301ms] [VERBOSE] [DOM] Password field is not contained in a form: (More info: https://goo.gl/9p2vKq) %o @ http://localhost:8080/login:0
