[     434ms] [ERROR] Failed to load resource: net::ERR_CONNECTION_CLOSED @ https://ogads-pa.clients6.google.com/$rpc/google.internal.onegoogle.asyncdata.v1.AsyncDataService/GetAsyncData:0
[    1520ms] [ERROR] Access to XMLHttpRequest at 'https://play.google.com/log?format=json&hasfast=true' from origin 'chrome-untrusted://new-tab-page' has been blocked by CORS policy: No 'Access-Control-Allow-Origin' header is present on the requested resource. @ chrome-untrusted://new-tab-page/one-google-bar?paramsencoded=:0
[    1520ms] [ERROR] Failed to load resource: net::ERR_FAILED @ https://play.google.com/log?format=json&hasfast=true:0
[    3621ms] [ERROR] Access to XMLHttpRequest at 'https://play.google.com/log?format=json&hasfast=true' from origin 'chrome-untrusted://new-tab-page' has been blocked by CORS policy: No 'Access-Control-Allow-Origin' header is present on the requested resource. @ chrome-untrusted://new-tab-page/one-google-bar?paramsencoded=:0
[    3621ms] [ERROR] Failed to load resource: net::ERR_FAILED @ https://play.google.com/log?format=json&hasfast=true:0
[    7807ms] [ERROR] Access to XMLHttpRequest at 'https://play.google.com/log?format=json&hasfast=true' from origin 'chrome-untrusted://new-tab-page' has been blocked by CORS policy: No 'Access-Control-Allow-Origin' header is present on the requested resource. @ chrome-untrusted://new-tab-page/one-google-bar?paramsencoded=:0
[    7807ms] [ERROR] Failed to load resource: net::ERR_FAILED @ https://play.google.com/log?format=json&hasfast=true:0
[   15599ms] [ERROR] Access to XMLHttpRequest at 'https://play.google.com/log?format=json&hasfast=true' from origin 'chrome-untrusted://new-tab-page' has been blocked by CORS policy: No 'Access-Control-Allow-Origin' header is present on the requested resource. @ chrome-untrusted://new-tab-page/one-google-bar?paramsencoded=:0
[   15599ms] [ERROR] Failed to load resource: net::ERR_FAILED @ https://play.google.com/log?format=json&hasfast=true:0
[   33153ms] [ERROR] Access to XMLHttpRequest at 'https://play.google.com/log?format=json&hasfast=true' from origin 'chrome-untrusted://new-tab-page' has been blocked by CORS policy: No 'Access-Control-Allow-Origin' header is present on the requested resource. @ chrome-untrusted://new-tab-page/one-google-bar?paramsencoded=:0
[   33154ms] [ERROR] Failed to load resource: net::ERR_FAILED @ https://play.google.com/log?format=json&hasfast=true:0
[   62593ms] [ERROR] Access to XMLHttpRequest at 'https://play.google.com/log?format=json&hasfast=true' from origin 'chrome-untrusted://new-tab-page' has been blocked by CORS policy: No 'Access-Control-Allow-Origin' header is present on the requested resource. @ chrome-untrusted://new-tab-page/one-google-bar?paramsencoded=:0
[   62593ms] [ERROR] Failed to load resource: net::ERR_FAILED @ https://play.google.com/log?format=json&hasfast=true:0
[  122418ms] [ERROR] Access to XMLHttpRequest at 'https://play.google.com/log?format=json&hasfast=true' from origin 'chrome-untrusted://new-tab-page' has been blocked by CORS policy: No 'Access-Control-Allow-Origin' header is present on the requested resource. @ chrome-untrusted://new-tab-page/one-google-bar?paramsencoded=:0
[  122419ms] [ERROR] Failed to load resource: net::ERR_FAILED @ https://play.google.com/log?format=json&hasfast=true:0
[  251190ms] [ERROR] Access to XMLHttpRequest at 'https://play.google.com/log?format=json&hasfast=true' from origin 'chrome-untrusted://new-tab-page' has been blocked by CORS policy: No 'Access-Control-Allow-Origin' header is present on the requested resource. @ chrome-untrusted://new-tab-page/one-google-bar?paramsencoded=:0
[  251190ms] [ERROR] Failed to load resource: net::ERR_FAILED @ https://play.google.com/log?format=json&hasfast=true:0
[  521454ms] [ERROR] Access to XMLHttpRequest at 'https://play.google.com/log?format=json&hasfast=true' from origin 'chrome-untrusted://new-tab-page' has been blocked by CORS policy: No 'Access-Control-Allow-Origin' header is present on the requested resource. @ chrome-untrusted://new-tab-page/one-google-bar?paramsencoded=:0
[  521455ms] [ERROR] Failed to load resource: net::ERR_FAILED @ https://play.google.com/log?format=json&hasfast=true:0
[  600451ms] [ERROR] Access to XMLHttpRequest at 'https://play.google.com/log?format=json&hasfast=true' from origin 'chrome-untrusted://new-tab-page' has been blocked by CORS policy: No 'Access-Control-Allow-Origin' header is present on the requested resource. @ chrome-untrusted://new-tab-page/one-google-bar?paramsencoded=:0
[  600451ms] [ERROR] Failed to load resource: net::ERR_FAILED @ https://play.google.com/log?format=json&hasfast=true:0
[  900518ms] [ERROR] Access to XMLHttpRequest at 'https://play.google.com/log?format=json&hasfast=true' from origin 'chrome-untrusted://new-tab-page' has been blocked by CORS policy: No 'Access-Control-Allow-Origin' header is present on the requested resource. @ chrome-untrusted://new-tab-page/one-google-bar?paramsencoded=:0
[  900519ms] [ERROR] Failed to load resource: net::ERR_FAILED @ https://play.google.com/log?format=json&hasfast=true:0
[ 1196742ms] [ERROR] Access to XMLHttpRequest at 'https://play.google.com/log?format=json&hasfast=true' from origin 'chrome-untrusted://new-tab-page' has been blocked by CORS policy: No 'Access-Control-Allow-Origin' header is present on the requested resource. @ chrome-untrusted://new-tab-page/one-google-bar?paramsencoded=:0
[ 1196743ms] [ERROR] Failed to load resource: net::ERR_FAILED @ https://play.google.com/log?format=json&hasfast=true:0
[ 1200463ms] [ERROR] Access to XMLHttpRequest at 'https://play.google.com/log?format=json&hasfast=true' from origin 'chrome-untrusted://new-tab-page' has been blocked by CORS policy: No 'Access-Control-Allow-Origin' header is present on the requested resource. @ chrome-untrusted://new-tab-page/one-google-bar?paramsencoded=:0
[ 1200463ms] [ERROR] Failed to load resource: net::ERR_FAILED @ https://play.google.com/log?format=json&hasfast=true:0
[ 1500532ms] [ERROR] Access to XMLHttpRequest at 'https://play.google.com/log?format=json&hasfast=true' from origin 'chrome-untrusted://new-tab-page' has been blocked by CORS policy: No 'Access-Control-Allow-Origin' header is present on the requested resource. @ chrome-untrusted://new-tab-page/one-google-bar?paramsencoded=:0
[ 1500532ms] [ERROR] Failed to load resource: net::ERR_FAILED @ https://play.google.com/log?format=json&hasfast=true:0
[ 1800529ms] [ERROR] Access to XMLHttpRequest at 'https://play.google.com/log?format=json&hasfast=true' from origin 'chrome-untrusted://new-tab-page' has been blocked by CORS policy: No 'Access-Control-Allow-Origin' header is present on the requested resource. @ chrome-untrusted://new-tab-page/one-google-bar?paramsencoded=:0
[ 1800530ms] [ERROR] Failed to load resource: net::ERR_FAILED @ https://play.google.com/log?format=json&hasfast=true:0
[ 2089881ms] [ERROR] Access to XMLHttpRequest at 'https://play.google.com/log?format=json&hasfast=true' from origin 'chrome-untrusted://new-tab-page' has been blocked by CORS policy: No 'Access-Control-Allow-Origin' header is present on the requested resource. @ chrome-untrusted://new-tab-page/one-google-bar?paramsencoded=:0
[ 2089881ms] [ERROR] Failed to load resource: net::ERR_FAILED @ https://play.google.com/log?format=json&hasfast=true:0
[ 2384381ms] [ERROR] Access to XMLHttpRequest at 'https://play.google.com/log?format=json&hasfast=true' from origin 'chrome-untrusted://new-tab-page' has been blocked by CORS policy: No 'Access-Control-Allow-Origin' header is present on the requested resource. @ chrome-untrusted://new-tab-page/one-google-bar?paramsencoded=:0
[ 2384381ms] [ERROR] Failed to load resource: net::ERR_FAILED @ https://play.google.com/log?format=json&hasfast=true:0
[ 2400523ms] [ERROR] Access to XMLHttpRequest at 'https://play.google.com/log?format=json&hasfast=true' from origin 'chrome-untrusted://new-tab-page' has been blocked by CORS policy: No 'Access-Control-Allow-Origin' header is present on the requested resource. @ chrome-untrusted://new-tab-page/one-google-bar?paramsencoded=:0
[ 2400524ms] [ERROR] Failed to load resource: net::ERR_FAILED @ https://play.google.com/log?format=json&hasfast=true:0
[ 2689753ms] [ERROR] Access to XMLHttpRequest at 'https://play.google.com/log?format=json&hasfast=true' from origin 'chrome-untrusted://new-tab-page' has been blocked by CORS policy: No 'Access-Control-Allow-Origin' header is present on the requested resource. @ chrome-untrusted://new-tab-page/one-google-bar?paramsencoded=:0
[ 2689754ms] [ERROR] Failed to load resource: net::ERR_FAILED @ https://play.google.com/log?format=json&hasfast=true:0
[ 2989839ms] [ERROR] Access to XMLHttpRequest at 'https://play.google.com/log?format=json&hasfast=true' from origin 'chrome-untrusted://new-tab-page' has been blocked by CORS policy: No 'Access-Control-Allow-Origin' header is present on the requested resource. @ chrome-untrusted://new-tab-page/one-google-bar?paramsencoded=:0
[ 2989839ms] [ERROR] Failed to load resource: net::ERR_FAILED @ https://play.google.com/log?format=json&hasfast=true:0
[ 3000471ms] [ERROR] Access to XMLHttpRequest at 'https://play.google.com/log?format=json&hasfast=true' from origin 'chrome-untrusted://new-tab-page' has been blocked by CORS policy: No 'Access-Control-Allow-Origin' header is present on the requested resource. @ chrome-untrusted://new-tab-page/one-google-bar?paramsencoded=:0
[ 3000472ms] [ERROR] Failed to load resource: net::ERR_FAILED @ https://play.google.com/log?format=json&hasfast=true:0
[ 3300568ms] [ERROR] Access to XMLHttpRequest at 'https://play.google.com/log?format=json&hasfast=true' from origin 'chrome-untrusted://new-tab-page' has been blocked by CORS policy: No 'Access-Control-Allow-Origin' header is present on the requested resource. @ chrome-untrusted://new-tab-page/one-google-bar?paramsencoded=:0
[ 3300568ms] [ERROR] Failed to load resource: net::ERR_FAILED @ https://play.google.com/log?format=json&hasfast=true:0
[ 3582762ms] [ERROR] Access to XMLHttpRequest at 'https://play.google.com/log?format=json&hasfast=true' from origin 'chrome-untrusted://new-tab-page' has been blocked by CORS policy: No 'Access-Control-Allow-Origin' header is present on the requested resource. @ chrome-untrusted://new-tab-page/one-google-bar?paramsencoded=:0
[ 3582763ms] [ERROR] Failed to load resource: net::ERR_FAILED @ https://play.google.com/log?format=json&hasfast=true:0
[ 3600469ms] [ERROR] Access to XMLHttpRequest at 'https://play.google.com/log?format=json&hasfast=true' from origin 'chrome-untrusted://new-tab-page' has been blocked by CORS policy: No 'Access-Control-Allow-Origin' header is present on the requested resource. @ chrome-untrusted://new-tab-page/one-google-bar?paramsencoded=:0
[ 3600470ms] [ERROR] Failed to load resource: net::ERR_FAILED @ https://play.google.com/log?format=json&hasfast=true:0
[ 3929946ms] [ERROR] Failed to load resource: net::ERR_TIMED_OUT @ https://play.google.com/log?format=json&hasfast=true:0
[ 4200585ms] [ERROR] Access to XMLHttpRequest at 'https://play.google.com/log?format=json&hasfast=true' from origin 'chrome-untrusted://new-tab-page' has been blocked by CORS policy: No 'Access-Control-Allow-Origin' header is present on the requested resource. @ chrome-untrusted://new-tab-page/one-google-bar?paramsencoded=:0
[ 4200586ms] [ERROR] Failed to load resource: net::ERR_FAILED @ https://play.google.com/log?format=json&hasfast=true:0
[ 4487271ms] [ERROR] Access to XMLHttpRequest at 'https://play.google.com/log?format=json&hasfast=true' from origin 'chrome-untrusted://new-tab-page' has been blocked by CORS policy: No 'Access-Control-Allow-Origin' header is present on the requested resource. @ chrome-untrusted://new-tab-page/one-google-bar?paramsencoded=:0
[ 4487272ms] [ERROR] Failed to load resource: net::ERR_FAILED @ https://play.google.com/log?format=json&hasfast=true:0
[ 4762310ms] [ERROR] Access to XMLHttpRequest at 'https://play.google.com/log?format=json&hasfast=true' from origin 'chrome-untrusted://new-tab-page' has been blocked by CORS policy: No 'Access-Control-Allow-Origin' header is present on the requested resource. @ chrome-untrusted://new-tab-page/one-google-bar?paramsencoded=:0
[ 4762310ms] [ERROR] Failed to load resource: net::ERR_FAILED @ https://play.google.com/log?format=json&hasfast=true:0
[ 4800557ms] [ERROR] Access to XMLHttpRequest at 'https://play.google.com/log?format=json&hasfast=true' from origin 'chrome-untrusted://new-tab-page' has been blocked by CORS policy: No 'Access-Control-Allow-Origin' header is present on the requested resource. @ chrome-untrusted://new-tab-page/one-google-bar?paramsencoded=:0
[ 4800557ms] [ERROR] Failed to load resource: net::ERR_FAILED @ https://play.google.com/log?format=json&hasfast=true:0
[ 5116838ms] [ERROR] Failed to load resource: net::ERR_TIMED_OUT @ https://play.google.com/log?format=json&hasfast=true:0
[ 5400554ms] [ERROR] Access to XMLHttpRequest at 'https://play.google.com/log?format=json&hasfast=true' from origin 'chrome-untrusted://new-tab-page' has been blocked by CORS policy: No 'Access-Control-Allow-Origin' header is present on the requested resource. @ chrome-untrusted://new-tab-page/one-google-bar?paramsencoded=:0
[ 5400555ms] [ERROR] Failed to load resource: net::ERR_FAILED @ https://play.google.com/log?format=json&hasfast=true:0
[ 5674591ms] [ERROR] Access to XMLHttpRequest at 'https://play.google.com/log?format=json&hasfast=true' from origin 'chrome-untrusted://new-tab-page' has been blocked by CORS policy: No 'Access-Control-Allow-Origin' header is present on the requested resource. @ chrome-untrusted://new-tab-page/one-google-bar?paramsencoded=:0
[ 5674592ms] [ERROR] Failed to load resource: net::ERR_FAILED @ https://play.google.com/log?format=json&hasfast=true:0
[ 5974733ms] [ERROR] Access to XMLHttpRequest at 'https://play.google.com/log?format=json&hasfast=true' from origin 'chrome-untrusted://new-tab-page' has been blocked by CORS policy: No 'Access-Control-Allow-Origin' header is present on the requested resource. @ chrome-untrusted://new-tab-page/one-google-bar?paramsencoded=:0
[ 5974737ms] [ERROR] Failed to load resource: net::ERR_FAILED @ https://play.google.com/log?format=json&hasfast=true:0
[ 6000516ms] [ERROR] Access to XMLHttpRequest at 'https://play.google.com/log?format=json&hasfast=true' from origin 'chrome-untrusted://new-tab-page' has been blocked by CORS policy: No 'Access-Control-Allow-Origin' header is present on the requested resource. @ chrome-untrusted://new-tab-page/one-google-bar?paramsencoded=:0
[ 6000517ms] [ERROR] Failed to load resource: net::ERR_FAILED @ https://play.google.com/log?format=json&hasfast=true:0
[ 6287584ms] [ERROR] Access to XMLHttpRequest at 'https://play.google.com/log?format=json&hasfast=true' from origin 'chrome-untrusted://new-tab-page' has been blocked by CORS policy: No 'Access-Control-Allow-Origin' header is present on the requested resource. @ chrome-untrusted://new-tab-page/one-google-bar?paramsencoded=:0
[ 6287584ms] [ERROR] Failed to load resource: net::ERR_FAILED @ https://play.google.com/log?format=json&hasfast=true:0
[ 6567874ms] [ERROR] Access to XMLHttpRequest at 'https://play.google.com/log?format=json&hasfast=true' from origin 'chrome-untrusted://new-tab-page' has been blocked by CORS policy: No 'Access-Control-Allow-Origin' header is present on the requested resource. @ chrome-untrusted://new-tab-page/one-google-bar?paramsencoded=:0
[ 6567875ms] [ERROR] Failed to load resource: net::ERR_FAILED @ https://play.google.com/log?format=json&hasfast=true:0
[ 6600514ms] [ERROR] Access to XMLHttpRequest at 'https://play.google.com/log?format=json&hasfast=true' from origin 'chrome-untrusted://new-tab-page' has been blocked by CORS policy: No 'Access-Control-Allow-Origin' header is present on the requested resource. @ chrome-untrusted://new-tab-page/one-google-bar?paramsencoded=:0
[ 6600514ms] [ERROR] Failed to load resource: net::ERR_FAILED @ https://play.google.com/log?format=json&hasfast=true:0
[ 6886409ms] [ERROR] Access to XMLHttpRequest at 'https://play.google.com/log?format=json&hasfast=true' from origin 'chrome-untrusted://new-tab-page' has been blocked by CORS policy: No 'Access-Control-Allow-Origin' header is present on the requested resource. @ chrome-untrusted://new-tab-page/one-google-bar?paramsencoded=:0
[ 6886410ms] [ERROR] Failed to load resource: net::ERR_FAILED @ https://play.google.com/log?format=json&hasfast=true:0
[ 7186620ms] [ERROR] Access to XMLHttpRequest at 'https://play.google.com/log?format=json&hasfast=true' from origin 'chrome-untrusted://new-tab-page' has been blocked by CORS policy: No 'Access-Control-Allow-Origin' header is present on the requested resource. @ chrome-untrusted://new-tab-page/one-google-bar?paramsencoded=:0
[ 7186627ms] [ERROR] Failed to load resource: net::ERR_FAILED @ https://play.google.com/log?format=json&hasfast=true:0
[ 7200520ms] [ERROR] Access to XMLHttpRequest at 'https://play.google.com/log?format=json&hasfast=true' from origin 'chrome-untrusted://new-tab-page' has been blocked by CORS policy: No 'Access-Control-Allow-Origin' header is present on the requested resource. @ chrome-untrusted://new-tab-page/one-google-bar?paramsencoded=:0
[ 7200521ms] [ERROR] Failed to load resource: net::ERR_FAILED @ https://play.google.com/log?format=json&hasfast=true:0
