[       9ms] [LOG] No cookie value set for REGION @ https://design.intuit.com/quickbooks/brand/resources/qbds-sunset/:0
[     213ms] [ERROR] Failed to load resource: the server responded with a status of 404 () @ https://design.intuit.com/qbmds-components/styles/sbseg/fonts.css:0
[     314ms] [ERROR] Failed to load resource: the server responded with a status of 404 () @ https://design.intuit.com/_next/static/css/9e192e7f6230b0b00425.css:0
[     317ms] [ERROR] Failed to load resource: the server responded with a status of 404 () @ https://design.intuit.com/_next/static/css/174ef531ac802ad8f17c.css:0
[    1146ms] [ERROR] Failed to load resource: net::ERR_CONNECTION_CLOSED @ https://s.go-mpulse.net/boomerang/DUSJ9-MYA4K-BP8DG-W5NHZ-GU7GM:0
[    1146ms] [ERROR] Failed to load resource: net::ERR_CONNECTION_CLOSED @ https://tags.tiqcdn.com/utag/intuit/brand-design/prod/utag.js:0
[    1232ms] [ERROR] Failed to load resource: net::ERR_CONNECTION_CLOSED @ https://s.go-mpulse.net/boomerang/DUSJ9-MYA4K-BP8DG-W5NHZ-GU7GM:0
[    1296ms] [ERROR] Failed to load resource: the server responded with a status of 404 () @ https://design.intuit.com/_next/static/chunks/359.5992d6fc39bb32415698.js:0
[    1303ms] [ERROR] Failed to load resource: the server responded with a status of 404 () @ https://design.intuit.com/_next/static/chunks/455.d9f78a9e61a9781ca932.js:0
[    1310ms] [ERROR] Failed to load resource: the server responded with a status of 404 () @ https://design.intuit.com/_next/static/chunks/462.d1263b3cbaf48ea2aa47.js:0
[    1319ms] [ERROR] Failed to load resource: the server responded with a status of 404 () @ https://design.intuit.com/_next/static/chunks/464.d17c0847b8b96425236a.js:0
[    1328ms] [ERROR] Failed to load resource: the server responded with a status of 404 () @ https://design.intuit.com/_next/static/chunks/439.a74fb5d6dffc89e15309.js:0
[    1334ms] [ERROR] Failed to load resource: the server responded with a status of 404 () @ https://design.intuit.com/_next/static/chunks/437.b57b84a6ccc7909a13e2.js:0
[    1340ms] [ERROR] Failed to load resource: the server responded with a status of 404 () @ https://design.intuit.com/_next/static/chunks/0.a84c827545ea2be24620.js:0
[    1346ms] [ERROR] Failed to load resource: the server responded with a status of 404 () @ https://design.intuit.com/_next/static/chunks/65.d66e6765c3828a209c61.js:0
[    1350ms] [ERROR] Failed to load resource: the server responded with a status of 404 () @ https://design.intuit.com/_next/static/chunks/380.6f6cb662ea737a439f6d.js:0
[    1353ms] [ERROR] Failed to load resource: the server responded with a status of 404 () @ https://design.intuit.com/_next/static/chunks/394.7d39a922c0eeff699af6.js:0
[    1358ms] [ERROR] Failed to load resource: the server responded with a status of 404 () @ https://design.intuit.com/_next/static/chunks/486.693049b1e2d7a513c650.js:0
[    1361ms] [ERROR] Failed to load resource: the server responded with a status of 404 () @ https://design.intuit.com/_next/static/chunks/438.76f033cacb5436b10e40.js:0
[    1365ms] [ERROR] Failed to load resource: the server responded with a status of 404 () @ https://design.intuit.com/_next/static/chunks/457.45236bc1289b5bf4ed36.js:0
[    1371ms] [ERROR] Failed to load resource: the server responded with a status of 404 () @ https://design.intuit.com/_next/static/chunks/483.4391a47ea2dae696c378.js:0
[    1378ms] [ERROR] Failed to load resource: the server responded with a status of 404 () @ https://design.intuit.com/_next/static/chunks/main~pages/page/%5B...s~f8d85bf3.7bad49fd87f9e45c8454.js:0
[    1385ms] [ERROR] Failed to load resource: the server responded with a status of 404 () @ https://design.intuit.com/_next/static/chunks/main~pages/_app.2c2bf99ae0462138f9f1.js:0
[    1393ms] [ERROR] Failed to load resource: the server responded with a status of 404 () @ https://design.intuit.com/_next/static/chunks/pages/_app~pages/page~c8f16714.d6b49fce37eecc891032.js:0
[    1401ms] [ERROR] Failed to load resource: the server responded with a status of 404 () @ https://design.intuit.com/_next/static/chunks/pages/_app~pages/_err~aef40369.5ab8fc61839c9400cbfa.js:0
[    1416ms] [ERROR] Failed to load resource: the server responded with a status of 404 () @ https://design.intuit.com/_next/static/chunks/webpack-293b0bc8318b1b6b793d.js:0
[    1419ms] [ERROR] Failed to load resource: the server responded with a status of 404 () @ https://design.intuit.com/_next/static/chunks/main~pages/_app~pages~4168e7f8.ad6a731f1856f6c7e946.js:0
[    1424ms] [ERROR] Failed to load resource: the server responded with a status of 404 () @ https://design.intuit.com/_next/static/chunks/main-adeb91d351ad65886aa2.js:0
[    1427ms] [ERROR] Failed to load resource: the server responded with a status of 404 () @ https://design.intuit.com/_next/static/chunks/pages/page/%5B...slug%5D~~0590d092.b1703c5e675ccd7398cb.js:0
[    1431ms] [ERROR] Failed to load resource: the server responded with a status of 404 () @ https://design.intuit.com/_next/static/chunks/pages/page/%5B...slug%5D~~19ffc5e2.7e7efba98cc4e0109813.js:0
[    1435ms] [ERROR] Failed to load resource: the server responded with a status of 404 () @ https://design.intuit.com/_next/static/chunks/pages/_app~pages/page~1a966ba2.eb85b748f7a92dcf4184.js:0
[    1439ms] [ERROR] Failed to load resource: the server responded with a status of 404 () @ https://design.intuit.com/_next/static/chunks/pages/_app-5a2db5af9d33dd0fa655.js:0
[    1520ms] [ERROR] Failed to load resource: the server responded with a status of 404 () @ https://design.intuit.com/_next/static/3RTDH3VtaqOWB_HXEkULq/_ssgManifest.js:0
[    1523ms] [ERROR] Failed to load resource: the server responded with a status of 404 () @ https://design.intuit.com/_next/static/chunks/pages/page/render/cas/%5Bcasid%5D-5a1b5db3615364043d7f.js:0
[    1527ms] [ERROR] Failed to load resource: the server responded with a status of 404 () @ https://design.intuit.com/_next/static/3RTDH3VtaqOWB_HXEkULq/_buildManifest.js:0
[    1882ms] [ERROR] Failed to load resource: net::ERR_CONNECTION_CLOSED @ https://eventbus.intuit.com/v2/segment/intuit-general-clickstream/p:0
[    1884ms] [ERROR] Failed to load resource: net::ERR_CONNECTION_CLOSED @ https://eventbus.intuit.com/v2/segment/intuit-general-clickstream/i:0
[    2460ms] [ERROR] Failed to load resource: net::ERR_CONNECTION_CLOSED @ https://eventbus.intuit.com/v2/segment/intuit-general-clickstream/p:0
[    2467ms] [ERROR] Failed to load resource: net::ERR_CONNECTION_CLOSED @ https://eventbus.intuit.com/v2/segment/intuit-general-clickstream/i:0
[    4479ms] [ERROR] Failed to load resource: net::ERR_CONNECTION_CLOSED @ https://eventbus.intuit.com/v2/segment/intuit-general-clickstream/i:0
[    4480ms] [ERROR] Failed to load resource: net::ERR_CONNECTION_CLOSED @ https://eventbus.intuit.com/v2/segment/intuit-general-clickstream/p:0
[    6585ms] [ERROR] Failed to load resource: net::ERR_CONNECTION_CLOSED @ https://eventbus.intuit.com/v2/segment/intuit-general-clickstream/p:0
[    7284ms] [ERROR] Failed to load resource: net::ERR_CONNECTION_CLOSED @ https://eventbus.intuit.com/v2/segment/intuit-general-clickstream/i:0
[   10286ms] [WARNING] The resource https://s.go-mpulse.net/boomerang/DUSJ9-MYA4K-BP8DG-W5NHZ-GU7GM was preloaded using link preload but not used within a few seconds from the window's load event. Please make sure it has an appropriate `as` value and it is preloaded intentionally. @ https://design.intuit.com/quickbooks/brand/resources/qbds-sunset/:0
[   11130ms] [ERROR] Failed to load resource: net::ERR_CONNECTION_CLOSED @ https://eventbus.intuit.com/v2/segment/intuit-general-clickstream/p:0
[   13589ms] [ERROR] Failed to load resource: net::ERR_CONNECTION_CLOSED @ https://eventbus.intuit.com/v2/segment/intuit-general-clickstream/i:0
[   16591ms] [WARNING] The resource https://s.go-mpulse.net/boomerang/DUSJ9-MYA4K-BP8DG-W5NHZ-GU7GM was preloaded using link preload but not used within a few seconds from the window's load event. Please make sure it has an appropriate `as` value and it is preloaded intentionally. @ https://design.intuit.com/quickbooks/brand/resources/qbds-sunset/:0
[   64544ms] [WARNING] The resource https://s.go-mpulse.net/boomerang/DUSJ9-MYA4K-BP8DG-W5NHZ-GU7GM was preloaded using link preload but not used within a few seconds from the window's load event. Please make sure it has an appropriate `as` value and it is preloaded intentionally. @ https://design.intuit.com/quickbooks/brand/resources/qbds-sunset/:0
[  124893ms] [WARNING] The resource https://s.go-mpulse.net/boomerang/DUSJ9-MYA4K-BP8DG-W5NHZ-GU7GM was preloaded using link preload but not used within a few seconds from the window's load event. Please make sure it has an appropriate `as` value and it is preloaded intentionally. @ https://design.intuit.com/quickbooks/brand/resources/qbds-sunset/:0
[  184887ms] [WARNING] The resource https://s.go-mpulse.net/boomerang/DUSJ9-MYA4K-BP8DG-W5NHZ-GU7GM was preloaded using link preload but not used within a few seconds from the window's load event. Please make sure it has an appropriate `as` value and it is preloaded intentionally. @ https://design.intuit.com/quickbooks/brand/resources/qbds-sunset/:0
[  235957ms] [ERROR] Failed to load resource: net::ERR_CONNECTION_CLOSED @ https://ogads-pa.clients6.google.com/$rpc/google.internal.onegoogle.asyncdata.v1.AsyncDataService/GetAsyncData:0
